// Jest Snapshot v1, https://goo.gl/fbAQLP

exports[`LRCard component Load without crashing 1`] = `
<div
  className="lr-card "
>
  <img
    className="lr-card-photo"
    src="no-image-darth.png"
  />
  <div
    className="lr-card-details"
  >
    <div
      className="lr-card-title"
    >
      <a
        className="heading-starwars"
        href="//undefined"
        onClick={[Function]}
      />
    </div>
  </div>
</div>
`;
